#
# There is insufficient memory for the Java Runtime Environment to continue.
# Native memory allocation (mmap) failed to map 62914560 bytes for G1 virtual space
# Possible reasons:
#   The system is out of physical RAM or swap space
#   The process is running with CompressedOops enabled, and the Java Heap may be blocking the growth of the native heap
# Possible solutions:
#   Reduce memory load on the system
#   Increase physical memory or swap space
#   Check if swap backing store is full
#   Decrease Java heap size (-Xmx/-Xms)
#   Decrease number of Java threads
#   Decrease Java thread stack sizes (-Xss)
#   Set larger code cache with -XX:ReservedCodeCacheSize=
#   JVM is running with Zero Based Compressed Oops mode in which the Java heap is
#     placed in the first 32GB address space. The Java Heap base address is the
#     maximum limit for the native heap growth. Please use -XX:HeapBaseMinAddress
#     to set the Java Heap base and to place the Java Heap above 32GB virtual address.
# This output file may be truncated or incomplete.
#
#  Out of Memory Error (os_windows.cpp:3621), pid=17948, tid=1996
#
# JRE version: Java(TM) SE Runtime Environment (21.0.12+7) (build 21.0.12+7-LTS-205)
# Java VM: Java HotSpot(TM) 64-Bit Server VM (21.0.12+7-LTS-205, mixed mode, sharing, tiered, compressed oops, compressed class ptrs, g1 gc, windows-amd64)
# No core dump will be written. Minidumps are not enabled by default on client versions of Windows
#

---------------  S U M M A R Y ------------

Command Line: --enable-native-access=ALL-UNNAMED -Dclassworlds.conf=C:\netbeans-29-bin\netbeans\java\maven\bin\m2.conf -Dmaven.home=C:\netbeans-29-bin\netbeans\java\maven -Dlibrary.jansi.path=C:\netbeans-29-bin\netbeans\java\maven\lib\jansi-native -Dmaven.multiModuleProjectDirectory=C:\Users\alis\Documents\NetBeansProjects\ProvitalSST org.codehaus.plexus.classworlds.launcher.Launcher -Dnetbeans.deploy=true -Dnetbeans.deploy.clientUrlPart= -Dexec.vmArgs= -Dexec.appArgs= -Dmaven.ext.class.path=C:\netbeans-29-bin\netbeans\java\maven-nblib\netbeans-eventspy.jar --no-transfer-progress package

Host: AMD Athlon Gold 3150U with Radeon Graphics     , 4 cores, 9G,  Windows 11 , 64 bit Build 22621 (10.0.22621.5415)
Time: Sun Sep 20 20:04:11 2026 Hora estándar de Paraguay elapsed time: 22.458795 seconds (0d 0h 0m 22s)

---------------  T H R E A D  ---------------

Current thread (0x0000019ac43a1380):  VMThread "VM Thread"          [id=1996, stack(0x0000007a30500000,0x0000007a30600000) (1024K)]

Stack: [0x0000007a30500000,0x0000007a30600000]
Native frames: (J=compiled Java code, j=interpreted, Vv=VM code, C=native code)
V  [jvm.dll+0x6d1079]
V  [jvm.dll+0x860376]
V  [jvm.dll+0x86286e]
V  [jvm.dll+0x862f43]
V  [jvm.dll+0x282bd6]
V  [jvm.dll+0x6cd925]
V  [jvm.dll+0x6c241a]
V  [jvm.dll+0x35c038]
V  [jvm.dll+0x363d06]
V  [jvm.dll+0x3b4e1e]
V  [jvm.dll+0x3b50c8]
V  [jvm.dll+0x32faec]
V  [jvm.dll+0x32fb7a]
V  [jvm.dll+0x374052]
V  [jvm.dll+0x3727dd]
V  [jvm.dll+0x32f231]
V  [jvm.dll+0x371e3a]
V  [jvm.dll+0x868c3f]
V  [jvm.dll+0x869fcc]
V  [jvm.dll+0x86a501]
V  [jvm.dll+0x86a7a3]
V  [jvm.dll+0x80ad8d]
V  [jvm.dll+0x6cf91d]
C  [ucrtbase.dll+0x29333]
C  [KERNEL32.DLL+0x1259d]
C  [ntdll.dll+0x5af78]

VM_Operation (0x0000007a31dfe470): G1CollectForAllocation, mode: safepoint, requested by thread 0x0000019b0c1c4db0


---------------  P R O C E S S  ---------------

Threads class SMR info:
_java_thread_list=0x0000019b0da62a80, length=22, elements={
0x0000019aa566e0b0, 0x0000019ac43baaf0, 0x0000019ac43bba10, 0x0000019ac43bf190,
0x0000019ac43c1d00, 0x0000019ac43c4770, 0x0000019ac43cd1e0, 0x0000019ac43d0990,
0x0000019ac43d5770, 0x0000019ac4640a20, 0x0000019ac4644ea0, 0x0000019b0ab13b10,
0x0000019b0b376450, 0x0000019b0b376ac0, 0x0000019b0c9d2fe0, 0x0000019b0c9d3650,
0x0000019b0c1c2ce0, 0x0000019b0c1c3370, 0x0000019b0c1c4720, 0x0000019b0c1c3a00,
0x0000019b0c1c4090, 0x0000019b0c1c4db0
}

Java Threads: ( => current thread )
  0x0000019aa566e0b0 JavaThread "main"                              [_thread_blocked, id=14892, stack(0x0000007a2fe00000,0x0000007a2ff00000) (1024K)]
  0x0000019ac43baaf0 JavaThread "Reference Handler"          daemon [_thread_blocked, id=14496, stack(0x0000007a30600000,0x0000007a30700000) (1024K)]
  0x0000019ac43bba10 JavaThread "Finalizer"                  daemon [_thread_blocked, id=26980, stack(0x0000007a30700000,0x0000007a30800000) (1024K)]
  0x0000019ac43bf190 JavaThread "Signal Dispatcher"          daemon [_thread_blocked, id=3544, stack(0x0000007a30800000,0x0000007a30900000) (1024K)]
  0x0000019ac43c1d00 JavaThread "Attach Listener"            daemon [_thread_blocked, id=12232, stack(0x0000007a30900000,0x0000007a30a00000) (1024K)]
  0x0000019ac43c4770 JavaThread "Service Thread"             daemon [_thread_blocked, id=8388, stack(0x0000007a30a00000,0x0000007a30b00000) (1024K)]
  0x0000019ac43cd1e0 JavaThread "Monitor Deflation Thread"   daemon [_thread_blocked, id=12520, stack(0x0000007a30b00000,0x0000007a30c00000) (1024K)]
  0x0000019ac43d0990 JavaThread "C2 CompilerThread0"         daemon [_thread_blocked, id=3720, stack(0x0000007a30c00000,0x0000007a30d00000) (1024K)]
  0x0000019ac43d5770 JavaThread "C1 CompilerThread0"         daemon [_thread_blocked, id=19204, stack(0x0000007a30d00000,0x0000007a30e00000) (1024K)]
  0x0000019ac4640a20 JavaThread "Notification Thread"        daemon [_thread_blocked, id=12800, stack(0x0000007a30e00000,0x0000007a30f00000) (1024K)]
  0x0000019ac4644ea0 JavaThread "Common-Cleaner"             daemon [_thread_blocked, id=28192, stack(0x0000007a30f00000,0x0000007a31000000) (1024K)]
  0x0000019b0ab13b10 JavaThread "ForkJoinPool-1-worker-1"    daemon [_thread_blocked, id=14236, stack(0x0000007a31300000,0x0000007a31400000) (1024K)]
  0x0000019b0b376450 JavaThread "ForkJoinPool-1-worker-2"    daemon [_thread_blocked, id=10800, stack(0x0000007a31400000,0x0000007a31500000) (1024K)]
  0x0000019b0b376ac0 JavaThread "ForkJoinPool-1-worker-3"    daemon [_thread_blocked, id=1868, stack(0x0000007a31500000,0x0000007a31600000) (1024K)]
  0x0000019b0c9d2fe0 JavaThread "ForkJoinPool-1-worker-4"    daemon [_thread_blocked, id=11492, stack(0x0000007a31600000,0x0000007a31700000) (1024K)]
  0x0000019b0c9d3650 JavaThread "ForkJoinPool-1-worker-5"    daemon [_thread_blocked, id=2252, stack(0x0000007a31700000,0x0000007a31800000) (1024K)]
  0x0000019b0c1c2ce0 JavaThread "ForkJoinPool-1-worker-6"    daemon [_thread_blocked, id=15976, stack(0x0000007a31800000,0x0000007a31900000) (1024K)]
  0x0000019b0c1c3370 JavaThread "ForkJoinPool-1-worker-7"    daemon [_thread_blocked, id=22452, stack(0x0000007a31900000,0x0000007a31a00000) (1024K)]
  0x0000019b0c1c4720 JavaThread "ForkJoinPool-1-worker-8"    daemon [_thread_blocked, id=25728, stack(0x0000007a31a00000,0x0000007a31b00000) (1024K)]
  0x0000019b0c1c3a00 JavaThread "ForkJoinPool-1-worker-9"    daemon [_thread_blocked, id=52, stack(0x0000007a31b00000,0x0000007a31c00000) (1024K)]
  0x0000019b0c1c4090 JavaThread "ForkJoinPool-1-worker-10"   daemon [_thread_blocked, id=6376, stack(0x0000007a31c00000,0x0000007a31d00000) (1024K)]
  0x0000019b0c1c4db0 JavaThread "ForkJoinPool-1-worker-11"   daemon [_thread_blocked, id=12984, stack(0x0000007a31d00000,0x0000007a31e00000) (1024K)]
Total: 22

Other Threads:
=>0x0000019ac43a1380 VMThread "VM Thread"                           [id=1996, stack(0x0000007a30500000,0x0000007a30600000) (1024K)]
  0x0000019ac438e2a0 WatcherThread "VM Periodic Task Thread"        [id=16584, stack(0x0000007a30400000,0x0000007a30500000) (1024K)]
  0x0000019aa78f1bd0 WorkerThread "GC Thread#0"                     [id=9552, stack(0x0000007a2ff00000,0x0000007a30000000) (1024K)]
  0x0000019b0a6307a0 WorkerThread "GC Thread#1"                     [id=12728, stack(0x0000007a31000000,0x0000007a31100000) (1024K)]
  0x0000019b0a630b50 WorkerThread "GC Thread#2"                     [id=7840, stack(0x0000007a31100000,0x0000007a31200000) (1024K)]
  0x0000019b0a682760 WorkerThread "GC Thread#3"                     [id=25840, stack(0x0000007a31200000,0x0000007a31300000) (1024K)]
  0x0000019aa78fd490 ConcurrentGCThread "G1 Main Marker"            [id=22088, stack(0x0000007a30000000,0x0000007a30100000) (1024K)]
  0x0000019aa78fdfa0 WorkerThread "G1 Conc#0"                       [id=13636, stack(0x0000007a30100000,0x0000007a30200000) (1024K)]
  0x0000019ac4270090 ConcurrentGCThread "G1 Refine#0"               [id=13296, stack(0x0000007a30200000,0x0000007a30300000) (1024K)]
  0x0000019ac4270c10 ConcurrentGCThread "G1 Service"                [id=7968, stack(0x0000007a30300000,0x0000007a30400000) (1024K)]
Total: 10

Threads with active compile tasks:
Total: 0

VM state: at safepoint (normal execution)

VM Mutex/Monitor currently owned by a thread:  ([mutex/lock_event])
[0x00007ff81182af50] Threads_lock - owner thread: 0x0000019ac43a1380
[0x00007ff81182b050] Heap_lock - owner thread: 0x0000019b0c1c4db0

Heap address: 0x0000000760e00000, size: 2546 MB, Compressed Oops mode: Zero based, Oop shift amount: 3

CDS archive(s) mapped at: [0x0000019ac5000000-0x0000019ac5c90000-0x0000019ac5c90000), size 13172736, SharedBaseAddress: 0x0000019ac5000000, ArchiveRelocationMode: 1.
Compressed class space mapped at: 0x0000019ac6000000-0x0000019b06000000, reserved size: 1073741824
Narrow klass base: 0x0000019ac5000000, Narrow klass shift: 0, Narrow klass range: 0x100000000

GC Precious Log:
 CardTable entry size: 512
 Card Set container configuration: InlinePtr #cards 4 size 8 Array Of Cards #cards 16 size 48 Howl #buckets 8 coarsen threshold 3686 Howl Bitmap #cards 512 size 80 coarsen threshold 460 Card regions per heap region 1 cards per card region 4096
 CPUs: 4 total, 4 available
 Memory: 10182M
 Large Page Support: Disabled
 NUMA Support: Disabled
 Compressed Oops: Enabled (Zero based)
 Heap Region Size: 2M
 Heap Min Capacity: 8M
 Heap Initial Capacity: 160M
 Heap Max Capacity: 2546M
 Pre-touch: Disabled
 Parallel Workers: 4
 Concurrent Workers: 1
 Concurrent Refinement Workers: 4
 Periodic GC: Disabled

Heap:
 garbage-first heap   total 129024K, used 92892K [0x0000000760e00000, 0x0000000800000000)
  region size 2048K, 1 young (2048K), 1 survivors (2048K)
 Metaspace       used 35407K, committed 35968K, reserved 1114112K
  class space    used 3970K, committed 4224K, reserved 1048576K

Heap Regions: E=young(eden), S=young(survivor), O=old, HS=humongous(starts), HC=humongous(continues), CS=collection set, F=free, TAMS=top-at-mark-start, PB=parsable bottom
|   0|0x0000000760e00000, 0x0000000761000000, 0x0000000761000000|100%| O|  |TAMS 0x0000000761000000| PB 0x0000000760e00000| Untracked 
|   1|0x0000000761000000, 0x0000000761200000, 0x0000000761200000|100%| O|  |TAMS 0x0000000761200000| PB 0x0000000761000000| Untracked 
|   2|0x0000000761200000, 0x0000000761400000, 0x0000000761400000|100%| O|  |TAMS 0x0000000761400000| PB 0x0000000761200000| Untracked 
|   3|0x0000000761400000, 0x0000000761600000, 0x0000000761600000|100%| O|  |TAMS 0x0000000761600000| PB 0x0000000761400000| Untracked 
|   4|0x0000000761600000, 0x0000000761800000, 0x0000000761800000|100%| O|  |TAMS 0x0000000761800000| PB 0x0000000761600000| Untracked 
|   5|0x0000000761800000, 0x0000000761a00000, 0x0000000761a00000|100%| O|  |TAMS 0x0000000761a00000| PB 0x0000000761800000| Untracked 
|   6|0x0000000761a00000, 0x0000000761c00000, 0x0000000761c00000|100%| O|  |TAMS 0x0000000761c00000| PB 0x0000000761a00000| Untracked 
|   7|0x0000000761c00000, 0x0000000761e00000, 0x0000000761e00000|100%| O|  |TAMS 0x0000000761c00000| PB 0x0000000761c00000| Untracked 
|   8|0x0000000761e00000, 0x0000000762000000, 0x0000000762000000|100%| O|  |TAMS 0x0000000762000000| PB 0x0000000761e00000| Untracked 
|   9|0x0000000762000000, 0x0000000762200000, 0x0000000762200000|100%| O|  |TAMS 0x0000000762200000| PB 0x0000000762000000| Untracked 
|  10|0x0000000762200000, 0x0000000762400000, 0x0000000762400000|100%| O|  |TAMS 0x0000000762400000| PB 0x0000000762200000| Untracked 
|  11|0x0000000762400000, 0x0000000762600000, 0x0000000762600000|100%| O|  |TAMS 0x0000000762600000| PB 0x0000000762400000| Untracked 
|  12|0x0000000762600000, 0x0000000762800000, 0x0000000762800000|100%| O|  |TAMS 0x0000000762800000| PB 0x0000000762600000| Untracked 
|  13|0x0000000762800000, 0x0000000762a00000, 0x0000000762a00000|100%| O|  |TAMS 0x0000000762800000| PB 0x0000000762800000| Untracked 
|  14|0x0000000762a00000, 0x0000000762c00000, 0x0000000762c00000|100%| O|  |TAMS 0x0000000762c00000| PB 0x0000000762a00000| Untracked 
|  15|0x0000000762c00000, 0x0000000762e00000, 0x0000000762e00000|100%| O|  |TAMS 0x0000000762e00000| PB 0x0000000762c00000| Untracked 
|  16|0x0000000762e00000, 0x0000000763000000, 0x0000000763000000|100%| O|  |TAMS 0x0000000763000000| PB 0x0000000762e00000| Untracked 
|  17|0x0000000763000000, 0x0000000763200000, 0x0000000763200000|100%| O|  |TAMS 0x0000000763200000| PB 0x0000000763000000| Untracked 
|  18|0x0000000763200000, 0x0000000763400000, 0x0000000763400000|100%| O|  |TAMS 0x0000000763400000| PB 0x0000000763200000| Untracked 
|  19|0x0000000763400000, 0x0000000763600000, 0x0000000763600000|100%| O|  |TAMS 0x0000000763600000| PB 0x0000000763400000| Untracked 
|  20|0x0000000763600000, 0x0000000763800000, 0x0000000763800000|100%| O|  |TAMS 0x0000000763800000| PB 0x0000000763600000| Untracked 
|  21|0x0000000763800000, 0x0000000763a00000, 0x0000000763a00000|100%| O|  |TAMS 0x0000000763a00000| PB 0x0000000763800000| Untracked 
|  22|0x0000000763a00000, 0x0000000763c00000, 0x0000000763c00000|100%| O|  |TAMS 0x0000000763a7a140| PB 0x0000000763a00000| Untracked 
|  23|0x0000000763c00000, 0x0000000763e00000, 0x0000000763e00000|100%| O|  |TAMS 0x0000000763c00000| PB 0x0000000763c00000| Untracked 
|  24|0x0000000763e00000, 0x0000000764000000, 0x0000000764000000|100%| O|  |TAMS 0x0000000764000000| PB 0x0000000763e00000| Untracked 
|  25|0x0000000764000000, 0x0000000764200000, 0x0000000764200000|100%| O|  |TAMS 0x0000000764200000| PB 0x0000000764000000| Untracked 
|  26|0x0000000764200000, 0x0000000764400000, 0x0000000764400000|100%| O|  |TAMS 0x0000000764400000| PB 0x0000000764200000| Untracked 
|  27|0x0000000764400000, 0x0000000764600000, 0x0000000764600000|100%| O|  |TAMS 0x0000000764600000| PB 0x0000000764400000| Untracked 
|  28|0x0000000764600000, 0x0000000764800000, 0x0000000764800000|100%| O|  |TAMS 0x0000000764800000| PB 0x0000000764600000| Untracked 
|  29|0x0000000764800000, 0x0000000764a00000, 0x0000000764a00000|100%| O|  |TAMS 0x0000000764a00000| PB 0x0000000764800000| Untracked 
|  30|0x0000000764a00000, 0x0000000764c00000, 0x0000000764c00000|100%| O|  |TAMS 0x0000000764a00000| PB 0x0000000764a00000| Untracked 
|  31|0x0000000764c00000, 0x0000000764e00000, 0x0000000764e00000|100%| O|  |TAMS 0x0000000764c00000| PB 0x0000000764c00000| Untracked 
|  32|0x0000000764e00000, 0x0000000764eb71d0, 0x0000000765000000| 35%| O|  |TAMS 0x0000000764e00000| PB 0x0000000764e00000| Untracked 
|  33|0x0000000765000000, 0x0000000765000000, 0x0000000765200000|  0%| F|  |TAMS 0x0000000765000000| PB 0x0000000765000000| Untracked 
|  34|0x0000000765200000, 0x0000000765200000, 0x0000000765400000|  0%| F|  |TAMS 0x0000000765200000| PB 0x0000000765200000| Untracked 
|  35|0x0000000765400000, 0x0000000765400000, 0x0000000765600000|  0%| F|  |TAMS 0x0000000765400000| PB 0x0000000765400000| Untracked 
|  36|0x0000000765600000, 0x0000000765600000, 0x0000000765800000|  0%| F|  |TAMS 0x0000000765600000| PB 0x0000000765600000| Untracked 
|  37|0x0000000765800000, 0x0000000765a00000, 0x0000000765a00000|100%| S|CS|TAMS 0x0000000765800000| PB 0x0000000765800000| Complete 
|  38|0x0000000765a00000, 0x0000000765a00000, 0x0000000765c00000|  0%| F|  |TAMS 0x0000000765a00000| PB 0x0000000765a00000| Untracked 
|  39|0x0000000765c00000, 0x0000000765c00000, 0x0000000765e00000|  0%| F|  |TAMS 0x0000000765c00000| PB 0x0000000765c00000| Untracked 
|  40|0x0000000765e00000, 0x0000000765e00000, 0x0000000766000000|  0%| F|  |TAMS 0x0000000765e00000| PB 0x0000000765e00000| Untracked 
|  41|0x0000000766000000, 0x0000000766000000, 0x0000000766200000|  0%| F|  |TAMS 0x0000000766000000| PB 0x0000000766000000| Untracked 
|  42|0x0000000766200000, 0x0000000766200000, 0x0000000766400000|  0%| F|  |TAMS 0x0000000766200000| PB 0x0000000766200000| Untracked 
|  43|0x0000000766400000, 0x0000000766400000, 0x0000000766600000|  0%| F|  |TAMS 0x0000000766400000| PB 0x0000000766400000| Untracked 
|  44|0x0000000766600000, 0x0000000766600000, 0x0000000766800000|  0%| F|  |TAMS 0x0000000766600000| PB 0x0000000766600000| Untracked 
|  45|0x0000000766800000, 0x0000000766800000, 0x0000000766a00000|  0%| F|  |TAMS 0x0000000766800000| PB 0x0000000766800000| Untracked 
|  46|0x0000000766a00000, 0x0000000766a00000, 0x0000000766c00000|  0%| F|  |TAMS 0x0000000766a00000| PB 0x0000000766a00000| Untracked 
|  47|0x0000000766c00000, 0x0000000766c00000, 0x0000000766e00000|  0%| F|  |TAMS 0x0000000766c00000| PB 0x0000000766c00000| Untracked 
|  48|0x0000000766e00000, 0x0000000766e00000, 0x0000000767000000|  0%| F|  |TAMS 0x0000000766e00000| PB 0x0000000766e00000| Untracked 
|  79|0x000000076ac00000, 0x000000076ac00000, 0x000000076ae00000|  0%| F|  |TAMS 0x000000076ac00000| PB 0x000000076ac00000| Untracked 
|1260|0x00000007fe600000, 0x00000007fe800000, 0x00000007fe800000|100%| O|  |TAMS 0x00000007fe800000| PB 0x00000007fe600000| Untracked 
|1261|0x00000007fe800000, 0x00000007fea00000, 0x00000007fea00000|100%| O|  |TAMS 0x00000007fea00000| PB 0x00000007fe800000| Untracked 
|1262|0x00000007fea00000, 0x00000007fec00000, 0x00000007fec00000|100%| O|  |TAMS 0x00000007fec00000| PB 0x00000007fea00000| Untracked 
|1263|0x00000007fec00000, 0x00000007fee00000, 0x00000007fee00000|100%| O|  |TAMS 0x00000007fee00000| PB 0x00000007fec00000| Untracked 
|1264|0x00000007fee00000, 0x00000007ff000000, 0x00000007ff000000|100%| O|  |TAMS 0x00000007ff000000| PB 0x00000007fee00000| Untracked 
|1265|0x00000007ff000000, 0x00000007ff200000, 0x00000007ff200000|100%| O|  |TAMS 0x00000007ff200000| PB 0x00000007ff000000| Untracked 
|1266|0x00000007ff200000, 0x00000007ff400000, 0x00000007ff400000|100%| O|  |TAMS 0x00000007ff400000| PB 0x00000007ff200000| Untracked 
|1267|0x00000007ff400000, 0x00000007ff600000, 0x00000007ff600000|100%| O|  |TAMS 0x00000007ff600000| PB 0x00000007ff400000| Untracked 
|1268|0x00000007ff600000, 0x00000007ff800000, 0x00000007ff800000|100%| O|  |TAMS 0x00000007ff800000| PB 0x00000007ff600000| Untracked 
|1269|0x00000007ff800000, 0x00000007ffa00000, 0x00000007ffa00000|100%| O|  |TAMS 0x00000007ffa00000| PB 0x00000007ff800000| Untracked 
|1270|0x00000007ffa00000, 0x00000007ffc00000, 0x00000007ffc00000|100%| O|  |TAMS 0x00000007ffc00000| PB 0x00000007ffa00000| Untracked 
|1271|0x00000007ffc00000, 0x00000007ffc00000, 0x00000007ffe00000|  0%| F|  |TAMS 0x00000007ffc00000| PB 0x00000007ffc00000| Untracked 
|1272|0x00000007ffe00000, 0x0000000800000000, 0x0000000800000000|100%| O|  |TAMS 0x0000000800000000| PB 0x00000007ffe00000| Untracked 

Card table byte_map: [0x0000019abf260000,0x0000019abf760000] _byte_map_base: 0x0000019abb759000

Marking Bits: (CMBitMap*) 0x0000019aa78f2af0
 Bits: [0x0000019abf760000, 0x0000019ac1f28000)

Polling page: 0x0000019aa57d0000

Metaspace:

Usage:
  Non-class:     30.70 MB used.
      Class:      3.88 MB used.
       Both:     34.58 MB used.

Virtual space:
  Non-class space:       64.00 MB reserved,      31.00 MB ( 48%) committed,  1 nodes.
      Class space:        1.00 GB reserved,       4.12 MB ( <1%) committed,  1 nodes.
             Both:        1.06 GB reserved,      35.12 MB (  3%) committed. 

Chunk freelists:
   Non-Class:  656.00 KB
       Class:  11.92 MB
        Both:  12.56 MB

MaxMetaspaceSize: unlimited
CompressedClassSpaceSize: 1.00 GB
Initial GC threshold: 21.00 MB
Current GC threshold: 55.12 MB
CDS: on
 - commit_granule_bytes: 65536.
 - commit_granule_words: 8192.
 - virtual_space_node_default_size: 8388608.
 - enlarge_chunks_in_place: 1.
 - use_allocation_guard: 0.


Internal statistics:

num_allocs_failed_limit: 3.
num_arena_births: 390.
num_arena_deaths: 0.
num_vsnodes_births: 2.
num_vsnodes_deaths: 0.
num_space_committed: 562.
num_space_uncommitted: 0.
num_chunks_returned_to_freelist: 3.
num_chunks_taken_from_freelist: 1707.
num_chunk_merges: 3.
num_chunk_splits: 1191.
num_chunks_enlarged: 928.
num_inconsistent_stats: 0.

CodeHeap 'non-profiled nmethods': size=120000Kb used=4791Kb max_used=4791Kb free=115208Kb
 bounds [0x0000019ab7830000, 0x0000019ab7ce0000, 0x0000019abed60000]
CodeHeap 'profiled nmethods': size=120000Kb used=19860Kb max_used=19940Kb free=100139Kb
 bounds [0x0000019aafd60000, 0x0000019ab10e0000, 0x0000019ab7290000]
CodeHeap 'non-nmethods': size=5760Kb used=1494Kb max_used=1521Kb free=4265Kb
 bounds [0x0000019ab7290000, 0x0000019ab7500000, 0x0000019ab7830000]
 total_blobs=8965 nmethods=8392 adapters=477
 compilation: enabled
              stopped_count=0, restarted_count=0
 full_count=0

Compilation events (20 events):
Event: 22.280 Thread 0x0000019ac43d0990 9448       4       java.nio.charset.CoderResult::isUnderflow (13 bytes)
Event: 22.280 Thread 0x0000019ac43d0990 nmethod 9448 0x0000019ab7cdbc90 code [0x0000019ab7cdbe20, 0x0000019ab7cdbeb8]
Event: 22.282 Thread 0x0000019ac43d5770 9476       3       java.nio.file.Files::newByteChannel (11 bytes)
Event: 22.283 Thread 0x0000019ac43d5770 nmethod 9476 0x0000019ab0984810 code [0x0000019ab09849e0, 0x0000019ab0984da0]
Event: 22.284 Thread 0x0000019ac43d5770 9477       3       java.nio.file.Files::newByteChannel (36 bytes)
Event: 22.285 Thread 0x0000019ac43d5770 nmethod 9477 0x0000019ab0983910 code [0x0000019ab0983b60, 0x0000019ab09844e0]
Event: 22.296 Thread 0x0000019ac43d0990 9478   !   4       sun.nio.ch.NativeThreadSet::add (155 bytes)
Event: 22.299 Thread 0x0000019ac43d0990 nmethod 9478 0x0000019ab7cdbf90 code [0x0000019ab7cdc120, 0x0000019ab7cdc3a8]
Event: 22.299 Thread 0x0000019ac43d0990 9479   !   4       sun.nio.ch.NativeThreadSet::remove (90 bytes)
Event: 22.301 Thread 0x0000019ac43d0990 nmethod 9479 0x0000019ab7cdc510 code [0x0000019ab7cdc6a0, 0x0000019ab7cdc918]
Event: 22.352 Thread 0x0000019ac43d0990 9480       4       java.nio.MappedByteBuffer::limit (6 bytes)
Event: 22.353 Thread 0x0000019ac43d0990 nmethod 9480 0x0000019ab7cdca90 code [0x0000019ab7cdcc20, 0x0000019ab7cdcd40]
Event: 22.375 Thread 0x0000019ac43d5770 9481       3       org.apache.commons.compress.archivers.zip.StreamCompressor::deflate (49 bytes)
Event: 22.377 Thread 0x0000019ac43d5770 nmethod 9481 0x0000019ab0982790 code [0x0000019ab09829e0, 0x0000019ab0983550]
Event: 22.382 Thread 0x0000019ac43d0990 9482   !   4       java.util.zip.Deflater::needsInput (55 bytes)
Event: 22.384 Thread 0x0000019ac43d0990 nmethod 9482 0x0000019ab7cdce90 code [0x0000019ab7cdd020, 0x0000019ab7cdd270]
Event: 22.388 Thread 0x0000019ac43d0990 9483       4       java.util.zip.CRC32::update (38 bytes)
Event: 22.390 Thread 0x0000019ac43d0990 nmethod 9483 0x0000019ab7cdd390 code [0x0000019ab7cdd520, 0x0000019ab7cdd708]
Event: 22.390 Thread 0x0000019ac43d0990 9484       4       java.util.zip.CRC32::updateBytesCheck (35 bytes)
Event: 22.391 Thread 0x0000019ac43d0990 nmethod 9484 0x0000019ab7cdd910 code [0x0000019ab7cddaa0, 0x0000019ab7cddba0]

GC Heap History (20 events):
Event: 13.544 GC heap after
{Heap after GC invocations=8 (full 0):
 garbage-first heap   total 71680K, used 40722K [0x0000000760e00000, 0x0000000800000000)
  region size 2048K, 2 young (4096K), 2 survivors (4096K)
 Metaspace       used 27989K, committed 28352K, reserved 1114112K
  class space    used 3188K, committed 3392K, reserved 1048576K
}
Event: 14.004 GC heap before
{Heap before GC invocations=8 (full 0):
 garbage-first heap   total 71680K, used 57106K [0x0000000760e00000, 0x0000000800000000)
  region size 2048K, 10 young (20480K), 2 survivors (4096K)
 Metaspace       used 28477K, committed 28864K, reserved 1114112K
  class space    used 3222K, committed 3392K, reserved 1048576K
}
Event: 14.019 GC heap after
{Heap after GC invocations=9 (full 0):
 garbage-first heap   total 71680K, used 45062K [0x0000000760e00000, 0x0000000800000000)
  region size 2048K, 2 young (4096K), 2 survivors (4096K)
 Metaspace       used 28477K, committed 28864K, reserved 1114112K
  class space    used 3222K, committed 3392K, reserved 1048576K
}
Event: 14.911 GC heap before
{Heap before GC invocations=10 (full 0):
 garbage-first heap   total 75776K, used 55302K [0x0000000760e00000, 0x0000000800000000)
  region size 2048K, 9 young (18432K), 2 survivors (4096K)
 Metaspace       used 29878K, committed 30272K, reserved 1114112K
  class space    used 3397K, committed 3584K, reserved 1048576K
}
Event: 14.929 GC heap after
{Heap after GC invocations=11 (full 0):
 garbage-first heap   total 75776K, used 43244K [0x0000000760e00000, 0x0000000800000000)
  region size 2048K, 2 young (4096K), 2 survivors (4096K)
 Metaspace       used 29878K, committed 30272K, reserved 1114112K
  class space    used 3397K, committed 3584K, reserved 1048576K
}
Event: 16.149 GC heap before
{Heap before GC invocations=11 (full 0):
 garbage-first heap   total 75776K, used 61676K [0x0000000760e00000, 0x0000000800000000)
  region size 2048K, 11 young (22528K), 2 survivors (4096K)
 Metaspace       used 30694K, committed 31168K, reserved 1114112K
  class space    used 3422K, committed 3648K, reserved 1048576K
}
Event: 16.161 GC heap after
{Heap after GC invocations=12 (full 0):
 garbage-first heap   total 92160K, used 42961K [0x0000000760e00000, 0x0000000800000000)
  region size 2048K, 2 young (4096K), 2 survivors (4096K)
 Metaspace       used 30694K, committed 31168K, reserved 1114112K
  class space    used 3422K, committed 3648K, reserved 1048576K
}
Event: 17.931 GC heap before
{Heap before GC invocations=12 (full 0):
 garbage-first heap   total 92160K, used 75729K [0x0000000760e00000, 0x0000000800000000)
  region size 2048K, 18 young (36864K), 2 survivors (4096K)
 Metaspace       used 31083K, committed 31552K, reserved 1114112K
  class space    used 3446K, committed 3648K, reserved 1048576K
}
Event: 17.951 GC heap after
{Heap after GC invocations=13 (full 0):
 garbage-first heap   total 92160K, used 44872K [0x0000000760e00000, 0x0000000800000000)
  region size 2048K, 3 young (6144K), 3 survivors (6144K)
 Metaspace       used 31083K, committed 31552K, reserved 1114112K
  class space    used 3446K, committed 3648K, reserved 1048576K
}
Event: 18.911 GC heap before
{Heap before GC invocations=13 (full 0):
 garbage-first heap   total 92160K, used 77640K [0x0000000760e00000, 0x0000000800000000)
  region size 2048K, 19 young (38912K), 3 survivors (6144K)
 Metaspace       used 32307K, committed 32768K, reserved 1114112K
  class space    used 3541K, committed 3776K, reserved 1048576K
}
Event: 18.936 GC heap after
{Heap after GC invocations=14 (full 0):
 garbage-first heap   total 92160K, used 46537K [0x0000000760e00000, 0x0000000800000000)
  region size 2048K, 3 young (6144K), 3 survivors (6144K)
 Metaspace       used 32307K, committed 32768K, reserved 1114112K
  class space    used 3541K, committed 3776K, reserved 1048576K
}
Event: 20.029 GC heap before
{Heap before GC invocations=14 (full 0):
 garbage-first heap   total 92160K, used 77257K [0x0000000760e00000, 0x0000000800000000)
  region size 2048K, 18 young (36864K), 3 survivors (6144K)
 Metaspace       used 33111K, committed 33664K, reserved 1114112K
  class space    used 3694K, committed 3968K, reserved 1048576K
}
Event: 20.045 GC heap after
{Heap after GC invocations=15 (full 0):
 garbage-first heap   total 92160K, used 47627K [0x0000000760e00000, 0x0000000800000000)
  region size 2048K, 2 young (4096K), 2 survivors (4096K)
 Metaspace       used 33111K, committed 33664K, reserved 1114112K
  class space    used 3694K, committed 3968K, reserved 1048576K
}
Event: 22.040 GC heap before
{Heap before GC invocations=16 (full 0):
 garbage-first heap   total 92160K, used 78347K [0x0000000760e00000, 0x0000000800000000)
  region size 2048K, 18 young (36864K), 2 survivors (4096K)
 Metaspace       used 35210K, committed 35712K, reserved 1114112K
  class space    used 3942K, committed 4160K, reserved 1048576K
}
Event: 22.057 GC heap after
{Heap after GC invocations=17 (full 0):
 garbage-first heap   total 100352K, used 61684K [0x0000000760e00000, 0x0000000800000000)
  region size 2048K, 3 young (6144K), 3 survivors (6144K)
 Metaspace       used 35210K, committed 35712K, reserved 1114112K
  class space    used 3942K, committed 4160K, reserved 1048576K
}
Event: 22.221 GC heap before
{Heap before GC invocations=17 (full 0):
 garbage-first heap   total 100352K, used 78068K [0x0000000760e00000, 0x0000000800000000)
  region size 2048K, 13 young (26624K), 3 survivors (6144K)
 Metaspace       used 35387K, committed 35904K, reserved 1114112K
  class space    used 3968K, committed 4224K, reserved 1048576K
}
Event: 22.242 GC heap after
{Heap after GC invocations=18 (full 0):
 garbage-first heap   total 112640K, used 69876K [0x0000000760e00000, 0x0000000800000000)
  region size 2048K, 2 young (4096K), 2 survivors (4096K)
 Metaspace       used 35387K, committed 35904K, reserved 1114112K
  class space    used 3968K, committed 4224K, reserved 1048576K
}
Event: 22.313 GC heap before
{Heap before GC invocations=18 (full 0):
 garbage-first heap   total 112640K, used 82164K [0x0000000760e00000, 0x0000000800000000)
  region size 2048K, 9 young (18432K), 2 survivors (4096K)
 Metaspace       used 35404K, committed 35968K, reserved 1114112K
  class space    used 3970K, committed 4224K, reserved 1048576K
}
Event: 22.329 GC heap after
{Heap after GC invocations=19 (full 0):
 garbage-first heap   total 112640K, used 82408K [0x0000000760e00000, 0x0000000800000000)
  region size 2048K, 2 young (4096K), 2 survivors (4096K)
 Metaspace       used 35404K, committed 35968K, reserved 1114112K
  class space    used 3970K, committed 4224K, reserved 1048576K
}
Event: 22.447 GC heap before
{Heap before GC invocations=19 (full 0):
 garbage-first heap   total 112640K, used 88552K [0x0000000760e00000, 0x0000000800000000)
  region size 2048K, 7 young (14336K), 2 survivors (4096K)
 Metaspace       used 35407K, committed 35968K, reserved 1114112K
  class space    used 3970K, committed 4224K, reserved 1048576K
}

Dll operation events (8 events):
Event: 0.021 Loaded shared library C:\Program Files\Java\jdk-21.0.12\bin\java.dll
Event: 0.084 Loaded shared library C:\Program Files\Java\jdk-21.0.12\bin\jsvml.dll
Event: 0.125 Loaded shared library C:\Program Files\Java\jdk-21.0.12\bin\net.dll
Event: 0.131 Loaded shared library C:\Program Files\Java\jdk-21.0.12\bin\nio.dll
Event: 0.139 Loaded shared library C:\Program Files\Java\jdk-21.0.12\bin\zip.dll
Event: 0.415 Loaded shared library C:\Program Files\Java\jdk-21.0.12\bin\jimage.dll
Event: 0.418 Loaded shared library C:\netbeans-29-bin\netbeans\java\maven\lib\jansi-native\Windows\x86_64\jansi.dll
Event: 0.447 Loaded shared library C:\Program Files\Java\jdk-21.0.12\bin\verify.dll

Deoptimization events (20 events):
Event: 21.987 Thread 0x0000019b0b376ac0 DEOPT PACKING pc=0x0000019ab78bc478 sp=0x0000007a315fe230
Event: 21.987 Thread 0x0000019b0b376ac0 DEOPT UNPACKING pc=0x0000019ab72e46a2 sp=0x0000007a315fe1b0 mode 2
Event: 21.987 Thread 0x0000019b0b376450 DEOPT PACKING pc=0x0000019ab78bc478 sp=0x0000007a314fdfb0
Event: 21.987 Thread 0x0000019b0b376450 DEOPT UNPACKING pc=0x0000019ab72e46a2 sp=0x0000007a314fdf30 mode 2
Event: 21.987 Thread 0x0000019b0b376450 Uncommon trap: trap_request=0xfffffff4 fr.pc=0x0000019ab7c4ae30 relative=0x0000000000000430
Event: 21.987 Thread 0x0000019b0b376ac0 Uncommon trap: trap_request=0xfffffff4 fr.pc=0x0000019ab7c4ae30 relative=0x0000000000000430
Event: 21.987 Thread 0x0000019b0b376450 Uncommon trap: reason=null_check action=make_not_entrant pc=0x0000019ab7c4ae30 method=sun.nio.fs.NativeBuffers.releaseNativeBuffer(Lsun/nio/fs/NativeBuffer;)V @ 6 c2
Event: 21.987 Thread 0x0000019b0b376ac0 Uncommon trap: reason=null_check action=make_not_entrant pc=0x0000019ab7c4ae30 method=sun.nio.fs.NativeBuffers.releaseNativeBuffer(Lsun/nio/fs/NativeBuffer;)V @ 6 c2
Event: 21.987 Thread 0x0000019b0b376450 DEOPT PACKING pc=0x0000019ab7c4ae30 sp=0x0000007a314fdf80
Event: 21.987 Thread 0x0000019b0b376450 DEOPT UNPACKING pc=0x0000019ab72e46a2 sp=0x0000007a314fdf30 mode 2
Event: 21.987 Thread 0x0000019b0b376ac0 DEOPT PACKING pc=0x0000019ab7c4ae30 sp=0x0000007a315fe200
Event: 21.987 Thread 0x0000019b0b376ac0 DEOPT UNPACKING pc=0x0000019ab72e46a2 sp=0x0000007a315fe1b0 mode 2
Event: 21.991 Thread 0x0000019aa566e0b0 DEOPT PACKING pc=0x0000019ab00302f8 sp=0x0000007a2fefde10
Event: 21.991 Thread 0x0000019aa566e0b0 DEOPT UNPACKING pc=0x0000019ab72e4e42 sp=0x0000007a2fefd2d8 mode 0
Event: 22.002 Thread 0x0000019aa566e0b0 DEOPT PACKING pc=0x0000019ab00302f8 sp=0x0000007a2fefde10
Event: 22.006 Thread 0x0000019aa566e0b0 DEOPT UNPACKING pc=0x0000019ab72e4e42 sp=0x0000007a2fefd2d8 mode 0
Event: 22.038 Thread 0x0000019b0b376450 Uncommon trap: trap_request=0xffffff45 fr.pc=0x0000019ab78774ac relative=0x000000000000016c
Event: 22.038 Thread 0x0000019b0b376450 Uncommon trap: reason=unstable_if action=reinterpret pc=0x0000019ab78774ac method=java.util.concurrent.ConcurrentHashMap.addCount(JI)V @ 34 c2
Event: 22.038 Thread 0x0000019b0b376450 DEOPT PACKING pc=0x0000019ab78774ac sp=0x0000007a314fe500
Event: 22.039 Thread 0x0000019b0b376450 DEOPT UNPACKING pc=0x0000019ab72e46a2 sp=0x0000007a314fe440 mode 2

Classes loaded (20 events):
Event: 21.981 Loading class java/util/concurrent/ForkJoinTask$RunnableExecuteAction
Event: 21.982 Loading class java/util/concurrent/ForkJoinTask$RunnableExecuteAction done
Event: 21.982 Loading class jdk/internal/misc/CarrierThread$1
Event: 21.983 Loading class jdk/internal/misc/CarrierThread$1 done
Event: 21.985 Loading class jdk/internal/event/VirtualThreadStartEvent
Event: 21.986 Loading class jdk/internal/event/VirtualThreadStartEvent done
Event: 21.987 Loading class jdk/internal/misc/Blocker$ForkJoinPools
Event: 21.987 Loading class jdk/internal/misc/Blocker$ForkJoinPools done
Event: 21.991 Loading class jdk/internal/event/VirtualThreadEndEvent
Event: 21.991 Loading class jdk/internal/event/VirtualThreadEndEvent done
Event: 22.008 Loading class java/util/concurrent/ConcurrentLinkedQueue$Itr
Event: 22.010 Loading class java/util/concurrent/ConcurrentLinkedQueue$Itr done
Event: 22.069 Loading class java/util/function/IntUnaryOperator
Event: 22.070 Loading class java/util/function/IntUnaryOperator done
Event: 22.098 Loading class java/nio/StringCharBuffer
Event: 22.099 Loading class java/nio/StringCharBuffer done
Event: 22.253 Loading class java/util/concurrent/ConcurrentLinkedDeque$Itr
Event: 22.259 Loading class java/util/concurrent/ConcurrentLinkedDeque$AbstractItr
Event: 22.260 Loading class java/util/concurrent/ConcurrentLinkedDeque$AbstractItr done
Event: 22.260 Loading class java/util/concurrent/ConcurrentLinkedDeque$Itr done

Classes unloaded (0 events):
No events

Classes redefined (0 events):
No events

Internal exceptions (20 events):
Event: 16.889 Thread 0x0000019aa566e0b0 Exception <a 'sun/nio/fs/WindowsException'{0x000000076500af90}> (0x000000076500af90) 
thrown [s\open\src\hotspot\share\prims\jni.cpp, line 520]
Event: 16.910 Thread 0x0000019aa566e0b0 Exception <a 'sun/nio/fs/WindowsException'{0x000000076507c280}> (0x000000076507c280) 
thrown [s\open\src\hotspot\share\prims\jni.cpp, line 520]
Event: 16.992 Thread 0x0000019aa566e0b0 Exception <a 'sun/nio/fs/WindowsException'{0x0000000764eaf2a8}> (0x0000000764eaf2a8) 
thrown [s\open\src\hotspot\share\prims\jni.cpp, line 520]
Event: 17.014 Thread 0x0000019aa566e0b0 Exception <a 'sun/nio/fs/WindowsException'{0x0000000764f064c0}> (0x0000000764f064c0) 
thrown [s\open\src\hotspot\share\prims\jni.cpp, line 520]
Event: 18.655 Thread 0x0000019b0d07b960 Exception <a 'java/lang/NoSuchMethodError'{0x0000000764ed0860}: 'java.lang.Object java.lang.invoke.DirectMethodHandle$Holder.invokeStatic(java.lang.Object, long, java.lang.Object)'> (0x0000000764ed0860) 
thrown [s\open\src\hotspot\share\interpreter\linkResolver.cpp, line 773]
Event: 18.656 Thread 0x0000019b0d07b960 Exception <a 'java/lang/NoSuchMethodError'{0x0000000764ed3d48}: 'java.lang.Object java.lang.invoke.DirectMethodHandle$Holder.invokeStaticInit(java.lang.Object, long, java.lang.Object)'> (0x0000000764ed3d48) 
thrown [s\open\src\hotspot\share\interpreter\linkResolver.cpp, line 773]
Event: 18.657 Thread 0x0000019b0d07b960 Exception <a 'java/lang/NoSuchMethodError'{0x0000000764ed9128}: 'java.lang.Object java.lang.invoke.DirectMethodHandle$Holder.newInvokeSpecial(java.lang.Object, long)'> (0x0000000764ed9128) 
thrown [s\open\src\hotspot\share\interpreter\linkResolver.cpp, line 773]
Event: 18.665 Thread 0x0000019b0d07b960 Exception <a 'java/lang/NoSuchMethodError'{0x0000000764edd930}: 'long java.lang.invoke.DirectMethodHandle$Holder.invokeInterface(java.lang.Object, java.lang.Object)'> (0x0000000764edd930) 
thrown [s\open\src\hotspot\share\interpreter\linkResolver.cpp, line 773]
Event: 18.666 Thread 0x0000019b0d07b960 Exception <a 'java/lang/NoSuchMethodError'{0x0000000764ee18a8}: 'long java.lang.invoke.DelegatingMethodHandle$Holder.reinvoke_L(java.lang.Object, java.lang.Object)'> (0x0000000764ee18a8) 
thrown [s\open\src\hotspot\share\interpreter\linkResolver.cpp, line 773]
Event: 21.987 Thread 0x0000019b0b376450 Implicit null exception at 0x0000019ab7b26187 to 0x0000019ab7b2675c
Event: 21.987 Thread 0x0000019b0ab13b10 Implicit null exception at 0x0000019ab7b26187 to 0x0000019ab7b2675c
Event: 21.987 Thread 0x0000019b0b376ac0 Implicit null exception at 0x0000019ab7c4a30f to 0x0000019ab7c4a4a0
Event: 21.987 Thread 0x0000019b0b376450 Implicit null exception at 0x0000019ab7c4aaaf to 0x0000019ab7c4ae20
Event: 21.987 Thread 0x0000019b0b376ac0 Implicit null exception at 0x0000019ab7c4aaaf to 0x0000019ab7c4ae20
Event: 22.070 Thread 0x0000019aa566e0b0 Exception <a 'java/lang/NoSuchMethodError'{0x000000076acd7380}: 'int java.lang.invoke.DirectMethodHandle$Holder.invokeSpecial(java.lang.Object, java.lang.Object, int)'> (0x000000076acd7380) 
thrown [s\open\src\hotspot\share\interpreter\linkResolver.cpp, line 773]
Event: 22.075 Thread 0x0000019aa566e0b0 Exception <a 'java/lang/NoSuchMethodError'{0x000000076ace9ee8}: 'void java.lang.invoke.DirectMethodHandle$Holder.invokeStaticInit(java.lang.Object)'> (0x000000076ace9ee8) 
thrown [s\open\src\hotspot\share\interpreter\linkResolver.cpp, line 773]
Event: 22.076 Thread 0x0000019aa566e0b0 Exception <a 'java/lang/NoSuchMethodError'{0x000000076acf2c08}: 'java.lang.Object java.lang.invoke.DirectMethodHandle$Holder.invokeStaticInit(java.lang.Object, java.lang.Object, java.lang.Object)'> (0x000000076acf2c08) 
thrown [s\open\src\hotspot\share\interpreter\linkResolver.cpp, line 773]
Event: 22.080 Thread 0x0000019aa566e0b0 Exception <a 'java/lang/NoSuchMethodError'{0x000000076ad061c8}: 'void java.lang.invoke.DirectMethodHandle$Holder.invokeStaticInit(java.lang.Object, java.lang.Object, java.lang.Object, java.lang.Object)'> (0x000000076ad061c8) 
thrown [s\open\src\hotspot\share\interpreter\linkResolver.cpp, line 773]
Event: 22.086 Thread 0x0000019aa566e0b0 Exception <a 'java/lang/NoSuchMethodError'{0x0000000766fd8c50}: 'void java.lang.invoke.DirectMethodHandle$Holder.invokeStatic(java.lang.Object, int)'> (0x0000000766fd8c50) 
thrown [s\open\src\hotspot\share\interpreter\linkResolver.cpp, line 773]
Event: 22.086 Thread 0x0000019aa566e0b0 Exception <a 'java/lang/NoSuchMethodError'{0x0000000766fdc0c8}: 'void java.lang.invoke.DirectMethodHandle$Holder.invokeStaticInit(java.lang.Object, int)'> (0x0000000766fdc0c8) 
thrown [s\open\src\hotspot\share\interpreter\linkResolver.cpp, line 773]

ZGC Phase Switch (0 events):
No events

VM Operations (20 events):
Event: 21.939 Executing VM operation: HandshakeAllThreads (Deoptimize) done
Event: 21.975 Executing VM operation: HandshakeAllThreads (Deoptimize)
Event: 21.975 Executing VM operation: HandshakeAllThreads (Deoptimize) done
Event: 22.039 Executing VM operation: G1CollectForAllocation (G1 Evacuation Pause)
Event: 22.059 Executing VM operation: G1CollectForAllocation (G1 Evacuation Pause) done
Event: 22.102 Executing VM operation: HandshakeAllThreads (Deoptimize)
Event: 22.201 Executing VM operation: HandshakeAllThreads (Deoptimize) done
Event: 22.205 Executing VM operation: HandshakeAllThreads (Deoptimize)
Event: 22.217 Executing VM operation: HandshakeAllThreads (Deoptimize) done
Event: 22.217 Executing VM operation: G1CollectForAllocation (G1 Evacuation Pause)
Event: 22.217 Executing VM operation: G1CollectForAllocation (G1 Evacuation Pause) done
Event: 22.220 Executing VM operation: G1CollectForAllocation (GCLocker Initiated GC)
Event: 22.242 Executing VM operation: G1CollectForAllocation (GCLocker Initiated GC) done
Event: 22.308 Executing VM operation: G1CollectForAllocation (G1 Evacuation Pause)
Event: 22.313 Executing VM operation: G1CollectForAllocation (G1 Evacuation Pause) done
Event: 22.313 Executing VM operation: G1CollectForAllocation (GCLocker Initiated GC)
Event: 22.329 Executing VM operation: G1CollectForAllocation (GCLocker Initiated GC) done
Event: 22.443 Executing VM operation: G1CollectForAllocation (G1 Evacuation Pause)
Event: 22.443 Executing VM operation: G1CollectForAllocation (G1 Evacuation Pause) done
Event: 22.447 Executing VM operation: G1CollectForAllocation (GCLocker Initiated GC)

Events (20 events):
Event: 20.180 Thread 0x0000019ac43a1380 flushing nmethod 0x0000019ab0bb8e90
Event: 20.180 Thread 0x0000019ac43a1380 flushing nmethod 0x0000019ab0bba590
Event: 20.180 Thread 0x0000019ac43a1380 flushing nmethod 0x0000019ab0bbad10
Event: 20.180 Thread 0x0000019ac43a1380 flushing nmethod 0x0000019ab0bbc610
Event: 20.180 Thread 0x0000019ac43a1380 flushing nmethod 0x0000019ab0bed890
Event: 20.180 Thread 0x0000019ac43a1380 flushing nmethod 0x0000019ab0bf4b10
Event: 20.180 Thread 0x0000019ac43a1380 flushing nmethod 0x0000019ab0bf5810
Event: 20.180 Thread 0x0000019ac43a1380 flushing nmethod 0x0000019ab0bfc590
Event: 21.323 Thread 0x0000019ac43d6be0 Thread exited: 0x0000019ac43d6be0
Event: 21.983 Thread 0x0000019b0ab13b10 Thread added: 0x0000019b0ab13b10
Event: 21.984 Thread 0x0000019b0b376450 Thread added: 0x0000019b0b376450
Event: 21.985 Thread 0x0000019b0b376ac0 Thread added: 0x0000019b0b376ac0
Event: 21.985 Thread 0x0000019b0c9d2fe0 Thread added: 0x0000019b0c9d2fe0
Event: 21.988 Thread 0x0000019b0c9d3650 Thread added: 0x0000019b0c9d3650
Event: 22.022 Thread 0x0000019b0c1c2ce0 Thread added: 0x0000019b0c1c2ce0
Event: 22.062 Thread 0x0000019b0c1c3370 Thread added: 0x0000019b0c1c3370
Event: 22.098 Thread 0x0000019b0c1c4720 Thread added: 0x0000019b0c1c4720
Event: 22.219 Thread 0x0000019b0c1c3a00 Thread added: 0x0000019b0c1c3a00
Event: 22.248 Thread 0x0000019b0c1c4090 Thread added: 0x0000019b0c1c4090
Event: 22.288 Thread 0x0000019b0c1c4db0 Thread added: 0x0000019b0c1c4db0


Dynamic libraries:
0x00007ff7917c0000 - 0x00007ff7917d0000 	C:\Program Files\Java\jdk-21.0.12\bin\java.exe
0x00007ff8b36f0000 - 0x00007ff8b3908000 	C:\WINDOWS\SYSTEM32\ntdll.dll
0x00007ff8b1d70000 - 0x00007ff8b1e34000 	C:\WINDOWS\System32\KERNEL32.DLL
0x00007ff8b0b80000 - 0x00007ff8b0f53000 	C:\WINDOWS\System32\KERNELBASE.dll
0x00007ff8b0f60000 - 0x00007ff8b1071000 	C:\WINDOWS\System32\ucrtbase.dll
0x00007ff88ae70000 - 0x00007ff88ae89000 	C:\Program Files\Java\jdk-21.0.12\bin\jli.dll
0x00007ff88e460000 - 0x00007ff88e47e000 	C:\Program Files\Java\jdk-21.0.12\bin\VCRUNTIME140.dll
0x00007ff8b15e0000 - 0x00007ff8b1691000 	C:\WINDOWS\System32\ADVAPI32.dll
0x00007ff8b3470000 - 0x00007ff8b3517000 	C:\WINDOWS\System32\msvcrt.dll
0x00007ff8b2460000 - 0x00007ff8b2508000 	C:\WINDOWS\System32\sechost.dll
0x00007ff8b0940000 - 0x00007ff8b0968000 	C:\WINDOWS\System32\bcrypt.dll
0x00007ff8b3590000 - 0x00007ff8b36a8000 	C:\WINDOWS\System32\RPCRT4.dll
0x00007ff8b2270000 - 0x00007ff8b2422000 	C:\WINDOWS\System32\USER32.dll
0x00007ff8b0a10000 - 0x00007ff8b0a36000 	C:\WINDOWS\System32\win32u.dll
0x00007ff8b3520000 - 0x00007ff8b3549000 	C:\WINDOWS\System32\GDI32.dll
0x00007ff899750000 - 0x00007ff8999ec000 	C:\WINDOWS\WinSxS\amd64_microsoft.windows.common-controls_6595b64144ccf1df_6.0.22621.6060_none_2712eda17382d24b\COMCTL32.dll
0x00007ff8b1080000 - 0x00007ff8b119b000 	C:\WINDOWS\System32\gdi32full.dll
0x00007ff8b0970000 - 0x00007ff8b0a0a000 	C:\WINDOWS\System32\msvcp_win.dll
0x00007ff8a8910000 - 0x00007ff8a891a000 	C:\WINDOWS\SYSTEM32\VERSION.dll
0x00007ff8b3550000 - 0x00007ff8b3581000 	C:\WINDOWS\System32\IMM32.DLL
0x00007ff8a5100000 - 0x00007ff8a510c000 	C:\Program Files\Java\jdk-21.0.12\bin\vcruntime140_1.dll
0x00007ff8415f0000 - 0x00007ff84167d000 	C:\Program Files\Java\jdk-21.0.12\bin\msvcp140.dll
0x00007ff810be0000 - 0x00007ff811908000 	C:\Program Files\Java\jdk-21.0.12\bin\server\jvm.dll
0x00007ff8b1e40000 - 0x00007ff8b1eb1000 	C:\WINDOWS\System32\WS2_32.dll
0x00007ff8b06d0000 - 0x00007ff8b071d000 	C:\WINDOWS\SYSTEM32\POWRPROF.dll
0x00007ff8aced0000 - 0x00007ff8acf04000 	C:\WINDOWS\SYSTEM32\WINMM.dll
0x00007ff8b06b0000 - 0x00007ff8b06c3000 	C:\WINDOWS\SYSTEM32\UMPDC.dll
0x00007ff8af7e0000 - 0x00007ff8af7f8000 	C:\WINDOWS\SYSTEM32\kernel.appcore.dll
0x00007ff8a4a10000 - 0x00007ff8a4a1a000 	C:\Program Files\Java\jdk-21.0.12\bin\jimage.dll
0x00007ff8a4720000 - 0x00007ff8a4953000 	C:\WINDOWS\SYSTEM32\DBGHELP.DLL
0x00007ff8b1ed0000 - 0x00007ff8b2261000 	C:\WINDOWS\System32\combase.dll
0x00007ff8b28a0000 - 0x00007ff8b2978000 	C:\WINDOWS\System32\OLEAUT32.dll
0x00007ff897380000 - 0x00007ff8973b2000 	C:\WINDOWS\SYSTEM32\dbgcore.DLL
0x00007ff8b0b00000 - 0x00007ff8b0b7b000 	C:\WINDOWS\System32\bcryptPrimitives.dll
0x00007ff88b6a0000 - 0x00007ff88b6c1000 	C:\Program Files\Java\jdk-21.0.12\bin\java.dll
0x00007ff8b2bd0000 - 0x00007ff8b346c000 	C:\WINDOWS\System32\SHELL32.dll
0x00007ff8b0800000 - 0x00007ff8b093f000 	C:\WINDOWS\System32\wintypes.dll
0x00007ff8ae700000 - 0x00007ff8af01a000 	C:\WINDOWS\SYSTEM32\windows.storage.dll
0x00007ff8b16a0000 - 0x00007ff8b17a4000 	C:\WINDOWS\System32\SHCORE.dll
0x00007ff8b1390000 - 0x00007ff8b13f9000 	C:\WINDOWS\System32\shlwapi.dll
0x00007ff8b0730000 - 0x00007ff8b0755000 	C:\WINDOWS\SYSTEM32\profapi.dll
0x00007ff85fa70000 - 0x00007ff85fb47000 	C:\Program Files\Java\jdk-21.0.12\bin\jsvml.dll
0x00007ff886ee0000 - 0x00007ff886ef1000 	C:\Program Files\Java\jdk-21.0.12\bin\net.dll
0x00007ff8aa9b0000 - 0x00007ff8aaadc000 	C:\WINDOWS\SYSTEM32\WINHTTP.dll
0x00007ff8afcc0000 - 0x00007ff8afd29000 	C:\WINDOWS\system32\mswsock.dll
0x00007ff885a00000 - 0x00007ff885a16000 	C:\Program Files\Java\jdk-21.0.12\bin\nio.dll
0x00007ff8893b0000 - 0x00007ff8893c8000 	C:\Program Files\Java\jdk-21.0.12\bin\zip.dll
0x00007ff8ad3c0000 - 0x00007ff8ad3e4000 	C:\netbeans-29-bin\netbeans\java\maven\lib\jansi-native\Windows\x86_64\jansi.dll
0x00007ff89a9e0000 - 0x00007ff89a9f0000 	C:\Program Files\Java\jdk-21.0.12\bin\verify.dll
0x00007ff8af8f0000 - 0x00007ff8af924000 	C:\WINDOWS\SYSTEM32\ntmarta.dll

dbghelp: loaded successfully - version: 4.0.5 - missing functions: none
symbol engine: initialized successfully - sym options: 0x614 - pdb path: .;C:\Program Files\Java\jdk-21.0.12\bin;C:\WINDOWS\SYSTEM32;C:\WINDOWS\WinSxS\amd64_microsoft.windows.common-controls_6595b64144ccf1df_6.0.22621.6060_none_2712eda17382d24b;C:\Program Files\Java\jdk-21.0.12\bin\server;C:\netbeans-29-bin\netbeans\java\maven\lib\jansi-native\Windows\x86_64

VM Arguments:
jvm_args: --enable-native-access=ALL-UNNAMED -Dclassworlds.conf=C:\netbeans-29-bin\netbeans\java\maven\bin\m2.conf -Dmaven.home=C:\netbeans-29-bin\netbeans\java\maven -Dlibrary.jansi.path=C:\netbeans-29-bin\netbeans\java\maven\lib\jansi-native -Dmaven.multiModuleProjectDirectory=C:\Users\alis\Documents\NetBeansProjects\ProvitalSST 
java_command: org.codehaus.plexus.classworlds.launcher.Launcher -Dnetbeans.deploy=true -Dnetbeans.deploy.clientUrlPart= -Dexec.vmArgs= -Dexec.appArgs= -Dmaven.ext.class.path=C:\netbeans-29-bin\netbeans\java\maven-nblib\netbeans-eventspy.jar --no-transfer-progress package
java_class_path (initial): C:\netbeans-29-bin\netbeans\java\maven\boot\plexus-classworlds-2.9.0.jar
Launcher Type: SUN_STANDARD

[Global flags]
     intx CICompilerCount                          = 3                                         {product} {ergonomic}
     uint ConcGCThreads                            = 1                                         {product} {ergonomic}
     uint G1ConcRefinementThreads                  = 4                                         {product} {ergonomic}
   size_t G1HeapRegionSize                         = 2097152                                   {product} {ergonomic}
    uintx GCDrainStackTargetSize                   = 64                                        {product} {ergonomic}
   size_t InitialHeapSize                          = 167772160                                 {product} {ergonomic}
   size_t MarkStackSize                            = 4194304                                   {product} {ergonomic}
   size_t MaxHeapSize                              = 2669674496                                {product} {ergonomic}
   size_t MaxNewSize                               = 1600126976                                {product} {ergonomic}
   size_t MinHeapDeltaBytes                        = 2097152                                   {product} {ergonomic}
   size_t MinHeapSize                              = 8388608                                   {product} {ergonomic}
    uintx NonNMethodCodeHeapSize                   = 5832780                                {pd product} {ergonomic}
    uintx NonProfiledCodeHeapSize                  = 122912730                              {pd product} {ergonomic}
    uintx ProfiledCodeHeapSize                     = 122912730                              {pd product} {ergonomic}
    uintx ReservedCodeCacheSize                    = 251658240                              {pd product} {ergonomic}
     bool SegmentedCodeCache                       = true                                      {product} {ergonomic}
   size_t SoftMaxHeapSize                          = 2669674496                             {manageable} {ergonomic}
     bool UseCompressedOops                        = true                           {product lp64_product} {ergonomic}
     bool UseG1GC                                  = true                                      {product} {ergonomic}
     bool UseLargePagesIndividualAllocation        = false                                  {pd product} {ergonomic}

Logging:
Log output configuration:
 #0: stdout all=warning uptime,level,tags foldmultilines=false
 #1: stderr all=off uptime,level,tags foldmultilines=false

Environment Variables:
JAVA_HOME=C:\Program Files\Java\jdk-21.0.12
PATH=C:\Program Files\Common Files\Oracle\Java\javapath;C:\Program Files (x86)\Common Files\Intel\Shared Libraries\redist\intel64\compiler;C:\WINDOWS\system32;C:\WINDOWS;C:\WINDOWS\System32\Wbem;C:\WINDOWS\System32\WindowsPowerShell\v1.0\;C:\WINDOWS\System32\OpenSSH\;C:\Program Files\Java\jre-1.8\bin;C:\Users\alis\AppData\Local\Microsoft\WindowsApps;C:\Users\alis\AppData\Local\Programs\Microsoft VS Code\bin;C:\msys64\ucrt64\bin;C:\ProgramData\alis\GitHubDesktop\bin;C:\netbeans-29-bin\netbeans\bin\
USERNAME=alis
OS=Windows_NT
PROCESSOR_IDENTIFIER=AMD64 Family 23 Model 24 Stepping 1, AuthenticAMD
TMP=C:\Users\alis\AppData\Local\Temp
TEMP=C:\Users\alis\AppData\Local\Temp




Periodic native trim disabled

---------------  S Y S T E M  ---------------

OS:
 Windows 11 , 64 bit Build 22621 (10.0.22621.5415)
OS uptime: 32 days 0:08 hours

CPU: total 4 (initial active 4) (4 cores per cpu, 2 threads per core) family 23 model 24 stepping 1 microcode 0x0, cx8, cmov, fxsr, ht, mmx, 3dnowpref, sse, sse2, sse3, ssse3, sse4a, sse4.1, sse4.2, popcnt, lzcnt, tsc, tscinvbit, avx, avx2, aes, clmul, bmi1, bmi2, adx, sha, fma, vzeroupper, clflush, clflushopt, rdtscp, f16c
Processor Information for all 4 processors :
  Max Mhz: 2400, Current Mhz: 2400, Mhz Limit: 2400

Memory: 4k page, system-wide physical 10182M (550M free)
TotalPageFile size 22470M (AvailPageFile size 56M)
current process WorkingSet (physical memory assigned to process): 286M, peak: 286M
current process commit charge ("private bytes"): 344M, peak: 404M

vm_info: Java HotSpot(TM) 64-Bit Server VM (21.0.12+7-LTS-205) for windows-amd64 JRE (21.0.12+7-LTS-205), built on 2026-06-02T04:23:32Z by "mach5run" with MS VC++ 17.13 (VS2022)

END.
